../Core/Src/scheduler.c:17:17:Get_New_Task_ID	4	static
../Core/Src/scheduler.c:26:6:SCH_Init	16	static
../Core/Src/scheduler.c:41:6:SCH_Update	8	static
../Core/Src/scheduler.c:58:10:SCH_Add_Task	40	static
../Core/Src/scheduler.c:117:9:SCH_Delete_Task	24	static
../Core/Src/scheduler.c:157:6:SCH_Dispatch_Task	32	static
../Core/Src/scheduler.c:175:6:SCH_Go_To_Sleep	4	static
../Core/Src/scheduler.c:177:6:SCH_Report_Status	4	static
../Core/Src/scheduler.c:254:6:MX_IWDG_Init	8	static
../Core/Src/scheduler.c:265:6:Watchdog_Refresh	8	static
../Core/Src/scheduler.c:270:9:Is_Watchdog_Reset	4	static
../Core/Src/scheduler.c:277:6:Watchdog_Counting	4	static
../Core/Src/scheduler.c:281:6:Reset_Watchdog_Counting	4	static
